                               
                               
Robert & Susan (Marsh) Langford

  42 Elm Street, Springfield, IL 62701
                                                              
   Robert 1965-03-12 555-201-0001 robert.langford@example.com 
   Susan  1967-08-24 555-201-0002 susan.langford@example.com  
                                                              
  Anniversary:  1991-06-15

                                                                          
   Thomas 1996-07-19 ~~ 2022-01-08                                        
   Emma   1999-12-25               555-201-0020 emma.langford@example.com 
                                                                          

                                 
                                 
Daniel & Claire (Ortega) Langford

  17 Birch Lane, Springfield, IL 62704
                                                              
   Daniel 1993-11-03 555-201-0010 dan.langford@example.com    
   Claire 1995-02-17 555-201-0011 claire.langford@example.com 
                                                              
  Anniversary:  2019-09-07

                    
   Mia 2021-04-30   
                    

                    
                    
Patricia "Pat" Novak

  88 Oakwood Drive, Shelbyville, IL 62565
  P.O. Box 212, Shelbyville, IL 62565
                                                          
   Patricia 1952-05-09 555-307-0001 pat.novak@example.com 
                                                          

